127.0.0.1 - - [19/Aug/2019:08:58:46 +0800] "GET / HTTP/1.1" 404 1074
0:0:0:0:0:0:0:1 - - [19/Aug/2019:08:58:47 +0800] "GET /servlet/html2/PostCookie.html HTTP/1.1" 200 349
127.0.0.1 - - [19/Aug/2019:08:59:34 +0800] "GET / HTTP/1.1" 404 1074
0:0:0:0:0:0:0:1 - - [19/Aug/2019:09:04:45 +0800] "POST /servlet/GetCookieInfo HTTP/1.1" 200 73
0:0:0:0:0:0:0:1 - - [19/Aug/2019:09:10:18 +0800] "POST /servlet/GetCookieInfo HTTP/1.1" 200 58
0:0:0:0:0:0:0:1 - - [19/Aug/2019:09:10:27 +0800] "POST /servlet/GetCookieInfo HTTP/1.1" 200 58
0:0:0:0:0:0:0:1 - - [19/Aug/2019:09:10:31 +0800] "POST /servlet/GetCookieInfo HTTP/1.1" 200 71
127.0.0.1 - - [19/Aug/2019:09:15:24 +0800] "GET / HTTP/1.1" 404 1074
127.0.0.1 - - [19/Aug/2019:10:02:30 +0800] "GET / HTTP/1.1" 404 1074
0:0:0:0:0:0:0:1 - - [19/Aug/2019:10:02:36 +0800] "POST /servlet/GetCookieInfo HTTP/1.1" 500 75
127.0.0.1 - - [19/Aug/2019:10:04:07 +0800] "GET / HTTP/1.1" 404 1074
0:0:0:0:0:0:0:1 - - [19/Aug/2019:10:04:17 +0800] "POST /servlet/GetCookieInfo HTTP/1.1" 500 75
127.0.0.1 - - [19/Aug/2019:10:06:45 +0800] "GET / HTTP/1.1" 404 1074
0:0:0:0:0:0:0:1 - - [19/Aug/2019:10:06:51 +0800] "POST /servlet/GetCookieInfo HTTP/1.1" 200 73
0:0:0:0:0:0:0:1 - - [19/Aug/2019:10:07:57 +0800] "POST /servlet/GetCookieInfo HTTP/1.1" 200 62
127.0.0.1 - - [19/Aug/2019:10:42:33 +0800] "GET / HTTP/1.1" 404 1074
0:0:0:0:0:0:0:1 - - [19/Aug/2019:10:42:33 +0800] "GET /servlet/FilterDemo HTTP/1.1" 200 94
0:0:0:0:0:0:0:1 - - [19/Aug/2019:10:43:29 +0800] "GET /servlet/FilterDemo HTTP/1.1" 200 94
127.0.0.1 - - [19/Aug/2019:10:43:40 +0800] "GET / HTTP/1.1" 404 1074
0:0:0:0:0:0:0:1 - - [19/Aug/2019:10:43:41 +0800] "GET /servlet/WEB-INF/classes/com/iii/eeit109/filter/MyFilter1.java HTTP/1.1" 404 1047
0:0:0:0:0:0:0:1 - - [19/Aug/2019:10:45:37 +0800] "GET /servlet/FilterDemo HTTP/1.1" 200 116
127.0.0.1 - - [19/Aug/2019:10:55:37 +0800] "GET / HTTP/1.1" 404 1074
0:0:0:0:0:0:0:1 - - [19/Aug/2019:10:55:37 +0800] "GET /servlet/FilterDemo HTTP/1.1" 200 181
127.0.0.1 - - [19/Aug/2019:11:46:28 +0800] "GET / HTTP/1.1" 404 1074
0:0:0:0:0:0:0:1 - - [19/Aug/2019:11:46:28 +0800] "GET /servlet/EncodingFilterDemo HTTP/1.1" 200 53
0:0:0:0:0:0:0:1 - - [19/Aug/2019:11:46:43 +0800] "GET /servlet/EncodingFilterDemo HTTP/1.1" 200 53
0:0:0:0:0:0:0:1 - - [19/Aug/2019:11:46:45 +0800] "GET /servlet/EncodingFilterDemo HTTP/1.1" 200 53
127.0.0.1 - - [19/Aug/2019:11:46:59 +0800] "GET / HTTP/1.1" 404 1074
0:0:0:0:0:0:0:1 - - [19/Aug/2019:11:46:59 +0800] "GET /servlet/EncodingFilterDemo HTTP/1.1" 200 59
0:0:0:0:0:0:0:1 - - [19/Aug/2019:12:03:04 +0800] "GET /servlet/Helloworld HTTP/1.1" 200 59
0:0:0:0:0:0:0:1 - - [19/Aug/2019:12:03:17 +0800] "GET /servlet/Helloworld HTTP/1.1" 200 59
127.0.0.1 - - [19/Aug/2019:12:04:43 +0800] "GET / HTTP/1.1" 404 1074
0:0:0:0:0:0:0:1 - - [19/Aug/2019:12:04:43 +0800] "GET /servlet/Helloworld HTTP/1.1" 200 53
127.0.0.1 - - [19/Aug/2019:12:04:54 +0800] "GET / HTTP/1.1" 404 1074
0:0:0:0:0:0:0:1 - - [19/Aug/2019:12:04:55 +0800] "GET /servlet/Helloworld HTTP/1.1" 200 53
127.0.0.1 - - [19/Aug/2019:12:05:14 +0800] "GET / HTTP/1.1" 404 1074
0:0:0:0:0:0:0:1 - - [19/Aug/2019:12:05:15 +0800] "GET /servlet/Helloworld HTTP/1.1" 200 59
0:0:0:0:0:0:0:1 - - [19/Aug/2019:12:08:14 +0800] "GET /servlet/html2/PostCookie.html HTTP/1.1" 200 376
0:0:0:0:0:0:0:1 - - [19/Aug/2019:12:08:54 +0800] "POST /servlet/GetCookieInfo HTTP/1.1" 200 62
0:0:0:0:0:0:0:1 - - [19/Aug/2019:12:08:57 +0800] "POST /servlet/GetCookieInfo HTTP/1.1" 200 62
127.0.0.1 - - [19/Aug/2019:14:49:56 +0800] "GET / HTTP/1.1" 404 1074
0:0:0:0:0:0:0:1 - - [19/Aug/2019:14:49:57 +0800] "GET /servlet/GetAllEmps HTTP/1.1" 500 1454
0:0:0:0:0:0:0:1 - - [19/Aug/2019:14:53:30 +0800] "GET /servlet/GetAllEmps HTTP/1.1" 500 1454
127.0.0.1 - - [19/Aug/2019:14:59:47 +0800] "GET / HTTP/1.1" 404 1074
0:0:0:0:0:0:0:1 - - [19/Aug/2019:14:59:47 +0800] "GET /servlet/GetAllEmps HTTP/1.1" 500 1454
127.0.0.1 - - [19/Aug/2019:15:00:57 +0800] "GET / HTTP/1.1" 404 1074
0:0:0:0:0:0:0:1 - - [19/Aug/2019:15:00:57 +0800] "GET /servlet/GetAllEmps HTTP/1.1" 500 1454
127.0.0.1 - - [19/Aug/2019:15:05:12 +0800] "GET / HTTP/1.1" 404 1074
0:0:0:0:0:0:0:1 - - [19/Aug/2019:15:05:13 +0800] "GET /servlet/GetAllEmps HTTP/1.1" 200 748
127.0.0.1 - - [19/Aug/2019:15:20:32 +0800] "GET / HTTP/1.1" 404 1074
0:0:0:0:0:0:0:1 - - [19/Aug/2019:15:20:32 +0800] "GET /servlet/GetAllEmpsHtml HTTP/1.1" 200 748
0:0:0:0:0:0:0:1 - - [19/Aug/2019:15:20:39 +0800] "GET /servlet/aa.html HTTP/1.1" 200 748
0:0:0:0:0:0:0:1 - - [19/Aug/2019:15:20:45 +0800] "GET /servlet/aa.html HTTP/1.1" 200 748
0:0:0:0:0:0:0:1 - - [19/Aug/2019:15:20:45 +0800] "GET /favicon.ico HTTP/1.1" 404 1085
127.0.0.1 - - [19/Aug/2019:15:43:37 +0800] "GET / HTTP/1.1" 404 1074
0:0:0:0:0:0:0:1 - - [19/Aug/2019:15:43:38 +0800] "GET /servlet/html2/GetEmp.html HTTP/1.1" 200 271
0:0:0:0:0:0:0:1 - - [19/Aug/2019:15:43:44 +0800] "POST /servlet/GetEmp HTTP/1.1" 200 275
127.0.0.1 - - [19/Aug/2019:15:45:55 +0800] "GET / HTTP/1.1" 404 1074
0:0:0:0:0:0:0:1 - - [19/Aug/2019:15:45:55 +0800] "GET /servlet/html2/GetEmp.html HTTP/1.1" 200 301
0:0:0:0:0:0:0:1 - - [19/Aug/2019:15:46:05 +0800] "POST /servlet/GetEmp HTTP/1.1" 200 266
0:0:0:0:0:0:0:1 - - [19/Aug/2019:15:46:10 +0800] "POST /servlet/GetEmp HTTP/1.1" 200 90
0:0:0:0:0:0:0:1 - - [19/Aug/2019:15:46:43 +0800] "POST /servlet/GetEmp HTTP/1.1" 200 90
127.0.0.1 - - [19/Aug/2019:15:48:30 +0800] "GET / HTTP/1.1" 404 1074
0:0:0:0:0:0:0:1 - - [19/Aug/2019:15:48:31 +0800] "GET /servlet/html2/GetEmp.html HTTP/1.1" 304 -
0:0:0:0:0:0:0:1 - - [19/Aug/2019:15:48:35 +0800] "POST /servlet/GetEmp HTTP/1.1" 200 99
